Microchip MPLAB XC8 Compiler V1.45 ()

Linker command line:

-W-3 --edf=/opt/microchip/xc8/v1.45/dat/en_msgs.txt -cs \
  -h+dist/default/production/pwm_asl.X.production.sym \
  --cmf=dist/default/production/pwm_asl.X.production.cmf -z -Q18F4620 \
  -o/tmp/xcXDXlZ0u -Mdist/default/production/pwm_asl.X.production.map -E1 \
  -ver=XC8 --acfsm=1493 -ASTACK=014Bh-0f7fh -pstack=STACK -ACODE=00h-0FFFFh \
  -ACONST=00h-0FFFFh -ASMALLCONST=01000h-010FFhx240 \
  -AMEDIUMCONST=01000h-0FFFFh -ACOMRAM=01h-07Fh -AABS1=00h-0F7Fh \
  -ABIGRAM=01h-0F7Fh -ARAM=080h-0FFh,0100h-01FFhx14,0F00h-0F7Fh \
  -ABANK0=080h-0FFh -ABANK1=0100h-01FFh -ABANK2=0200h-02FFh \
  -ABANK3=0300h-03FFh -ABANK4=0400h-04FFh -ABANK5=0500h-05FFh \
  -ABANK6=0600h-06FFh -ABANK7=0700h-07FFh -ABANK8=0800h-08FFh \
  -ABANK9=0900h-09FFh -ABANK10=0A00h-0AFFh -ABANK11=0B00h-0BFFh \
  -ABANK12=0C00h-0CFFh -ABANK13=0D00h-0DFFh -ABANK14=0E00h-0EFFh \
  -ABANK15=0F00h-0F7Fh -ASFR=0F80h-0FFFh \
  -preset_vec=00h,intcode=08h,intcodelo,powerup,init -pramtop=01000h \
  -psmallconst=SMALLCONST -pmediumconst=MEDIUMCONST -pconst=CONST \
  -AFARRAM=00h-00h -ACONFIG=0300000h-030000Dh -pconfig=CONFIG \
  -AIDLOC=0200000h-0200007h -pidloc=IDLOC -AEEDATA=0F00000h-0F003FFh \
  -peeprom_data=EEDATA \
  -prdata=COMRAM,nvrram=COMRAM,nvbit=COMRAM,rbss=COMRAM,rbit=COMRAM \
  -pfarbss=FARRAM,fardata=FARRAM,nvFARRAM=FARRAM \
  -pintsave_regs=BIGRAM,bigbss=BIGRAM,bigdata=BIGRAM -pbss=RAM \
  -pidata=CODE,irdata=CODE,ibigdata=CODE,ifardata=CODE -prparam=COMRAM \
  /tmp/xcXL8wnuD.obj dist/default/production/pwm_asl.X.production.obj 

Object code version is 3.11

Machine type is 18F4620

Call graph: (short form)




                Name                               Link     Load   Length Selector   Space Scale
/tmp/xcXL8wnuD.obj
                init                                  E        E        4        4       0
                reset_vec                             0        0        4        0       0
                idloc                            200000   200000        8   200000       0
                config                           300000   300000        E   300000       0
dist/default/production/pwm_asl.X.production.obj
                intcode                               8        8        6        4       0
                temp                                 52       52        1        1       1
                mediumconst                        FEF6     FEF6      10A     7F7B       0
                text49                             179A     179A      33C        4       0
                text48                             2C2E     2C2E      120        4       0
                text47                             3602     3602       2E        4       0
                text46                             2624     2624      150        4       0
                text45                             2F20     2F20       CA        4       0
                intcode_body                       2D4E     2D4E       F4        4       0
                text43                             3774     3774        6        4       0
                text42                             3630     3630       2C        4       0
                text41                             3768     3768        C        4       0
                text40                             3758     3758       10        4       0
                text39                             3686     3686       2A        4       0
                text38                             356E     356E       34        4       0
                text37                             36FE     36FE       26        4       0
                text36                             33C0     33C0       54        4       0
                text35                             3226     3226       6E        4       0
                text34                             20BA     20BA      2B6        4       0
                text33                             110A     110A      352        4       0
                text32                             36B0     36B0       28        4       0
                text31                             24D0     24D0      154        4       0
                text30                             34F2     34F2       40        4       0
                text29                             2370     2370      160        4       0
                text28                             145C     145C      33E        4       0
                text27                             2E42     2E42       DE        4       0
                text26                             35D2     35D2       30        4       0
                text25                             2FEA     2FEA       C0        4       0
                text24                             365C     365C       2A        4       0
                text23                             3532     3532       3C        4       0
                text22                             3746     3746       12        4       0
                text21                             3786     3786        4        4       0
                text20                             3782     3782        4        4       0
                text19                             377E     377E        4        4       0
                text18                             335E     335E       62        4       0
                text17                             34AA     34AA       48        4       0
                text16                             32FC     32FC       62        4       0
                text15                             36D8     36D8       26        4       0
                text14                             2B0C     2B0C      122        4       0
                text13                             35A2     35A2       30        4       0
                text12                             3462     3462       48        4       0
                text11                             3130     3130       84        4       0
                text10                             3294     3294       68        4       0
                text9                              29E2     29E2      12A        4       0
                text8                              28AE     28AE      134        4       0
                text7                              30AA     30AA       86        4       0
                text6                              31B4     31B4       72        4       0
                text5                              1DF4     1DF4      2C6        4       0
                text4                              3724     3724       22        4       0
                text3                               C66      C66      4A4        4       0
                text2                                12       12      C54        4       0
                text1                              2774     2774      13A        4       0
                text0                              1AD6     1AD6      31E        4       0
                cstackCOMRAM                          1        1       48        1       1
                cstackBANK0                          80       80       77       80       1
                cstackBANK1                         100      100       45      100       1
                bssBANK1                            145      145        6      100       1
                bssBANK0                             F7       F7        8       80       1
                dataCOMRAM                           4E       4E        4        1       1
                bssCOMRAM                            49       49        5        1       1
                cinit                              3414     3414       4E        4       0
                idataCOMRAM                        377A     377A        4        4       0

TOTAL           Name                               Link     Load   Length     Space
        CLASS   STACK          

        CLASS   CODE           
                intcode                               8        8        6         0
                init                                  E        E        4         0
                reset_vec                             0        0        4         0
                text49                             179A     179A      33C         0
                text48                             2C2E     2C2E      120         0
                text47                             3602     3602       2E         0
                text46                             2624     2624      150         0
                text45                             2F20     2F20       CA         0
                intcode_body                       2D4E     2D4E       F4         0
                text43                             3774     3774        6         0
                text42                             3630     3630       2C         0
                text41                             3768     3768        C         0
                text40                             3758     3758       10         0
                text39                             3686     3686       2A         0
                text38                             356E     356E       34         0
                text37                             36FE     36FE       26         0
                text36                             33C0     33C0       54         0
                text35                             3226     3226       6E         0
                text34                             20BA     20BA      2B6         0
                text33                             110A     110A      352         0
                text32                             36B0     36B0       28         0
                text31                             24D0     24D0      154         0
                text30                             34F2     34F2       40         0
                text29                             2370     2370      160         0
                text28                             145C     145C      33E         0
                text27                             2E42     2E42       DE         0
                text26                             35D2     35D2       30         0
                text25                             2FEA     2FEA       C0         0
                text24                             365C     365C       2A         0
                text23                             3532     3532       3C         0
                text22                             3746     3746       12         0
                text21                             3786     3786        4         0
                text20                             3782     3782        4         0
                text19                             377E     377E        4         0
                text18                             335E     335E       62         0
                text17                             34AA     34AA       48         0
                text16                             32FC     32FC       62         0
                text15                             36D8     36D8       26         0
                text14                             2B0C     2B0C      122         0
                text13                             35A2     35A2       30         0
                text12                             3462     3462       48         0
                text11                             3130     3130       84         0
                text10                             3294     3294       68         0
                text9                              29E2     29E2      12A         0
                text8                              28AE     28AE      134         0
                text7                              30AA     30AA       86         0
                text6                              31B4     31B4       72         0
                text5                              1DF4     1DF4      2C6         0
                text4                              3724     3724       22         0
                text3                               C66      C66      4A4         0
                text2                                12       12      C54         0
                text1                              2774     2774      13A         0
                text0                              1AD6     1AD6      31E         0
                cinit                              3414     3414       4E         0
                idataCOMRAM                        377A     377A        4         0

        CLASS   CONST          

        CLASS   SMALLCONST     

        CLASS   MEDIUMCONST    
                mediumconst                        FEF6     FEF6      10A         0

        CLASS   COMRAM         
                temp                                 52       52        1         1
                cstackCOMRAM                          1        1       48         1
                dataCOMRAM                           4E       4E        4         1
                bssCOMRAM                            49       49        5         1

        CLASS   ABS1           

        CLASS   BIGRAM         

        CLASS   RAM            

        CLASS   BANK0          
                cstackBANK0                          80       80       77         1
                bssBANK0                             F7       F7        8         1

        CLASS   BANK1          
                cstackBANK1                         100      100       45         1
                bssBANK1                            145      145        6         1

        CLASS   BANK2          

        CLASS   BANK3          

        CLASS   BANK4          

        CLASS   BANK5          

        CLASS   BANK6          

        CLASS   BANK7          

        CLASS   BANK8          

        CLASS   BANK9          

        CLASS   BANK10         

        CLASS   BANK11         

        CLASS   BANK12         

        CLASS   BANK13         

        CLASS   BANK14         

        CLASS   BANK15         

        CLASS   SFR            

        CLASS   FARRAM         

        CLASS   CONFIG         
                config                           300000   300000        E         0

        CLASS   IDLOC          
                idloc                            200000   200000        8         0

        CLASS   EEDATA         



SEGMENTS        Name                           Load    Length   Top    Selector   Space  Class

                reset_vec                      000000  000004  000004         0       0  CODE    
                cstackCOMRAM                   000001  000052  000053         1       1  COMRAM  
                intcode                        000008  003782  00378A         4       0  CODE    
                cstackBANK0                    000080  00007F  0000FF        80       1  BANK0   
                cstackBANK1                    000100  00004B  00014B       100       1  BANK1   
                mediumconst                    00FEF6  00010A  010000      7F7B       0  MEDIUMCO
                idloc                          200000  000008  200008    200000       0  IDLOC   
                config                         300000  00000E  30000E    300000       0  CONFIG  


UNUSED ADDRESS RANGES

        Name                Unused          Largest block    Delta
        BANK0            0000FF-0000FF                1
        BANK1            00014B-0001FF               B5
        BANK10           000A00-000AFF              100
        BANK11           000B00-000BFF              100
        BANK12           000C00-000CFF              100
        BANK13           000D00-000DFF              100
        BANK14           000E00-000EFF              100
        BANK15           000F00-000F7F               80
        BANK2            000200-0002FF              100
        BANK3            000300-0003FF              100
        BANK4            000400-0004FF              100
        BANK5            000500-0005FF              100
        BANK6            000600-0006FF              100
        BANK7            000700-0007FF              100
        BANK8            000800-0008FF              100
        BANK9            000900-0009FF              100
        BIGRAM           000053-00007F               2D
                         0000FF-0000FF                1
                         00014B-000F7F              E35
        CODE             000004-000007                4
                         00378A-00FEF5             C76C
        COMRAM           000053-00007F               2D
        CONST            000004-000007                4
                         00378A-00FEF5             C76C
        EEDATA           F00000-F003FF              400
        MEDIUMCONST      00378A-00FEF5             C76C
        RAM              0000FF-0000FF                1
                         00014B-000F7F              100
        SFR              000F80-000FFF               80
        SMALLCONST       00378A-00FEF5              100
        STACK            00014B-000F7F              E35

                                  Symbol Table

?___awdiv                     cstackBANK0  000086
?___awmod                     cstackBANK0  000080
?___fladd                     cstackBANK0  0000BA
?___fldiv                     cstackBANK0  0000AD
?___flmul                     cstackBANK0  000094
?___flneg                     cstackBANK0  000094
?___flsub                     cstackBANK0  0000CE
?___fltol                     cstackBANK0  0000D1
?___lldiv                     cstackBANK0  000080
?___llmod                     cstackBANK0  00008D
?___wmul                      cstackBANK0  000080
?___xxtofl                    cstackBANK0  000086
?__div_to_l_                  cstackBANK0  000080
?__tdiv_to_l_                 cstackBANK0  000080
?_fround                      cstackBANK0  0000AD
?_getMode                     cstackBANK0  000080
?_read_adc_raw_no_lib         cstackBANK0  000080
?_read_adc_voltage            cstackBANK0  0000C6
?_scale                       cstackBANK0  0000AD
?_sprintf                     cstackBANK0  0000DB
?i2___fladd                   cstackCOMRAM 000013
?i2___flneg                   cstackCOMRAM 00000F
?i2___xxtofl                  cstackCOMRAM 000001
_ADCON0                       (abs)        000FC2
_ADCON0bits                   (abs)        000FC2
_ADCON1                       (abs)        000FC1
_ADCON2                       (abs)        000FC0
_ADRESH                       (abs)        000FC4
_ADRESL                       (abs)        000FC3
_BAUDCONbits                  (abs)        000FB8
_CCP1CON                      (abs)        000FBD
_CCP1CONbits                  (abs)        000FBD
_CCPR1L                       (abs)        000FBE
_HS                           bssCOMRAM    00004B
_INTCON3bits                  (abs)        000FF0
_INTCONbits                   (abs)        000FF2
_LCD_INIT_STRING              dataCOMRAM   00004E
_OSCCONbits                   (abs)        000FD3
_PIR1bits                     (abs)        000F9E
_PIR2bits                     (abs)        000FA1
_PORTCbits                    (abs)        000F82
_PORTEbits                    (abs)        000F84
_PR2                          (abs)        000FCB
_RCREG                        (abs)        000FAE
_RCSTA                        (abs)        000FAB
_RCSTAbits                    (abs)        000FAB
_RPS_count                    bssBANK1     000149
_RT                           bssBANK0     0000F7
_SP                           bssBANK0     0000FB
_SPBRG                        (abs)        000FAF
_SPBRGH                       (abs)        000FB0
_T0CON                        (abs)        000FD5
_T0CONbits                    (abs)        000FD5
_T1CONbits                    (abs)        000FCD
_T2CON                        (abs)        000FCA
_T2CONbits                    (abs)        000FCA
_T3CONbits                    (abs)        000FB1
_TMR0H                        (abs)        000FD7
_TMR0L                        (abs)        000FD6
_TMR1H                        (abs)        000FCF
_TMR1L                        (abs)        000FCE
_TMR3                         (abs)        000FB2
_TMR3H                        (abs)        000FB3
_TMR3L                        (abs)        000FB2
_TRISA                        (abs)        000F92
_TRISB                        (abs)        000F93
_TRISC                        (abs)        000F94
_TRISCbits                    (abs)        000F94
_TRISD                        (abs)        000F95
_TRISE                        (abs)        000F96
_TXREG                        (abs)        000FAD
_TXSTA                        (abs)        000FAC
_TXSTAbits                    (abs)        000FAC
_Timer3_isr                   text45       002F20
__CFG_BOREN$SBORDIS           (abs)        000000
__CFG_BORV$3                  (abs)        000000
__CFG_CCP2MX$PORTC            (abs)        000000
__CFG_CP0$OFF                 (abs)        000000
__CFG_CP1$OFF                 (abs)        000000
__CFG_CP2$OFF                 (abs)        000000
__CFG_CP3$OFF                 (abs)        000000
__CFG_CPB$OFF                 (abs)        000000
__CFG_CPD$OFF                 (abs)        000000
__CFG_EBTR0$OFF               (abs)        000000
__CFG_EBTR1$OFF               (abs)        000000
__CFG_EBTR2$OFF               (abs)        000000
__CFG_EBTR3$OFF               (abs)        000000
__CFG_EBTRB$OFF               (abs)        000000
__CFG_FCMEN$OFF               (abs)        000000
__CFG_IESO$OFF                (abs)        000000
__CFG_LPT1OSC$OFF             (abs)        000000
__CFG_LVP$ON                  (abs)        000000
__CFG_MCLRE$ON                (abs)        000000
__CFG_OSC$XT                  (abs)        000000
__CFG_PBADEN$ON               (abs)        000000
__CFG_PWRT$OFF                (abs)        000000
__CFG_STVREN$ON               (abs)        000000
__CFG_WDT$ON                  (abs)        000000
__CFG_WDTPS$32768             (abs)        000000
__CFG_WRT0$OFF                (abs)        000000
__CFG_WRT1$OFF                (abs)        000000
__CFG_WRT2$OFF                (abs)        000000
__CFG_WRT3$OFF                (abs)        000000
__CFG_WRTB$OFF                (abs)        000000
__CFG_WRTC$OFF                (abs)        000000
__CFG_WRTD$OFF                (abs)        000000
__CFG_XINST$OFF               (abs)        000000
__HRAM                        (abs)        000000
__Habs1                       abs1         000000
__Hbank0                      bank0        000000
__Hbank1                      bank1        000000
__Hbank10                     bank10       000000
__Hbank11                     bank11       000000
__Hbank12                     bank12       000000
__Hbank13                     bank13       000000
__Hbank14                     bank14       000000
__Hbank15                     bank15       000000
__Hbank2                      bank2        000000
__Hbank3                      bank3        000000
__Hbank4                      bank4        000000
__Hbank5                      bank5        000000
__Hbank6                      bank6        000000
__Hbank7                      bank7        000000
__Hbank8                      bank8        000000
__Hbank9                      bank9        000000
__Hbigbss                     bigbss       000000
__Hbigdata                    bigdata      000000
__Hbigram                     bigram       000000
__Hbss                        bss          000000
__HbssBANK0                   bssBANK0     000000
__HbssBANK1                   bssBANK1     000000
__HbssCOMRAM                  bssCOMRAM    000000
__Hcinit                      cinit        000000
__Hclrtext                    clrtext      000000
__Hcomram                     comram       000000
__Hconfig                     config       30000E
__Hconst                      const        000000
__HcstackBANK0                cstackBANK0  000000
__HcstackBANK1                cstackBANK1  000000
__HcstackCOMRAM               cstackCOMRAM 000000
__Hdata                       data         000000
__HdataCOMRAM                 dataCOMRAM   000000
__Heeprom_data                eeprom_data  000000
__Hfarbss                     farbss       000000
__Hfardata                    fardata      000000
__Hibigdata                   ibigdata     000000
__Hidata                      idata        000000
__HidataCOMRAM                idataCOMRAM  000000
__Hidloc                      idloc        200008
__Hifardata                   ifardata     000000
__Hinit                       init         000012
__Hintcode                    intcode      00000E
__Hintcode_body               intcode_body 000000
__Hintcodelo                  intcodelo    00000E
__Hintentry                   intentry     000000
__Hintret                     intret       000000
__Hintsave_regs               intsave_regs 000000
__Hirdata                     irdata       000000
__Hmediumconst                mediumconst  010000
__HnvFARRAM                   nvFARRAM     000000
__Hnvbit                      nvbit        000000
__Hnvrram                     nvrram       000000
__Hparam                      rparam       000000
__Hpowerup                    powerup      00000E
__Hram                        ram          000000
__Hramtop                     ramtop       001000
__Hrbit                       rbit         000000
__Hrbss                       rbss         000000
__Hrdata                      rdata        000000
__Hreset_vec                  reset_vec    000004
__Hrparam                     rparam       000000
__Hsfr                        sfr          000000
__Hsmallconst                 smallconst   000000
__Hspace_0                    (abs)        30000E
__Hspace_1                    (abs)        00014B
__Hspace_2                    (abs)        000000
__Hstack                      stack        000000
__Hstruct                     struct       000000
__Htemp                       temp         000053
__Htext                       text         000000
__Htext0                      text0        000000
__Htext1                      text1        000000
__Htext10                     text10       000000
__Htext11                     text11       000000
__Htext12                     text12       000000
__Htext13                     text13       000000
__Htext14                     text14       000000
__Htext15                     text15       000000
__Htext16                     text16       000000
__Htext17                     text17       000000
__Htext18                     text18       000000
__Htext19                     text19       000000
__Htext2                      text2        000000
__Htext20                     text20       000000
__Htext21                     text21       000000
__Htext22                     text22       000000
__Htext23                     text23       000000
__Htext24                     text24       000000
__Htext25                     text25       000000
__Htext26                     text26       000000
__Htext27                     text27       000000
__Htext28                     text28       000000
__Htext29                     text29       000000
__Htext3                      text3        000000
__Htext30                     text30       000000
__Htext31                     text31       000000
__Htext32                     text32       000000
__Htext33                     text33       000000
__Htext34                     text34       000000
__Htext35                     text35       000000
__Htext36                     text36       000000
__Htext37                     text37       000000
__Htext38                     text38       000000
__Htext39                     text39       000000
__Htext4                      text4        000000
__Htext40                     text40       000000
__Htext41                     text41       000000
__Htext42                     text42       000000
__Htext43                     text43       000000
__Htext45                     text45       000000
__Htext46                     text46       000000
__Htext47                     text47       000000
__Htext48                     text48       000000
__Htext49                     text49       000000
__Htext5                      text5        000000
__Htext6                      text6        000000
__Htext7                      text7        000000
__Htext8                      text8        000000
__Htext9                      text9        000000
__LRAM                        (abs)        000001
__Labs1                       abs1         000000
__Lbank0                      bank0        000000
__Lbank1                      bank1        000000
__Lbank10                     bank10       000000
__Lbank11                     bank11       000000
__Lbank12                     bank12       000000
__Lbank13                     bank13       000000
__Lbank14                     bank14       000000
__Lbank15                     bank15       000000
__Lbank2                      bank2        000000
__Lbank3                      bank3        000000
__Lbank4                      bank4        000000
__Lbank5                      bank5        000000
__Lbank6                      bank6        000000
__Lbank7                      bank7        000000
__Lbank8                      bank8        000000
__Lbank9                      bank9        000000
__Lbigbss                     bigbss       000000
__Lbigdata                    bigdata      000000
__Lbigram                     bigram       000000
__Lbss                        bss          000000
__LbssBANK0                   bssBANK0     000000
__LbssBANK1                   bssBANK1     000000
__LbssCOMRAM                  bssCOMRAM    000000
__Lcinit                      cinit        000000
__Lclrtext                    clrtext      000000
__Lcomram                     comram       000000
__Lconfig                     config       300000
__Lconst                      const        000000
__LcstackBANK0                cstackBANK0  000000
__LcstackBANK1                cstackBANK1  000000
__LcstackCOMRAM               cstackCOMRAM 000000
__Ldata                       data         000000
__LdataCOMRAM                 dataCOMRAM   000000
__Leeprom_data                eeprom_data  000000
__Lfarbss                     farbss       000000
__Lfardata                    fardata      000000
__Libigdata                   ibigdata     000000
__Lidata                      idata        000000
__LidataCOMRAM                idataCOMRAM  000000
__Lidloc                      idloc        200000
__Lifardata                   ifardata     000000
__Linit                       init         00000E
__Lintcode                    intcode      000008
__Lintcode_body               intcode_body 000000
__Lintcodelo                  intcodelo    00000E
__Lintentry                   intentry     000000
__Lintret                     intret       000000
__Lintsave_regs               intsave_regs 000000
__Lirdata                     irdata       000000
__Lmediumconst                mediumconst  00FEF6
__LnvFARRAM                   nvFARRAM     000000
__Lnvbit                      nvbit        000000
__Lnvrram                     nvrram       000000
__Lparam                      rparam       000000
__Lpowerup                    powerup      00000E
__Lram                        ram          000000
__Lramtop                     ramtop       001000
__Lrbit                       rbit         000000
__Lrbss                       rbss         000000
__Lrdata                      rdata        000000
__Lreset_vec                  reset_vec    000000
__Lrparam                     rparam       000000
__Lsfr                        sfr          000000
__Lsmallconst                 smallconst   000000
__Lspace_0                    (abs)        000000
__Lspace_1                    (abs)        000000
__Lspace_2                    (abs)        000000
__Lstack                      stack        000000
__Lstruct                     struct       000000
__Ltemp                       temp         000052
__Ltext                       text         000000
__Ltext0                      text0        000000
__Ltext1                      text1        000000
__Ltext10                     text10       000000
__Ltext11                     text11       000000
__Ltext12                     text12       000000
__Ltext13                     text13       000000
__Ltext14                     text14       000000
__Ltext15                     text15       000000
__Ltext16                     text16       000000
__Ltext17                     text17       000000
__Ltext18                     text18       000000
__Ltext19                     text19       000000
__Ltext2                      text2        000000
__Ltext20                     text20       000000
__Ltext21                     text21       000000
__Ltext22                     text22       000000
__Ltext23                     text23       000000
__Ltext24                     text24       000000
__Ltext25                     text25       000000
__Ltext26                     text26       000000
__Ltext27                     text27       000000
__Ltext28                     text28       000000
__Ltext29                     text29       000000
__Ltext3                      text3        000000
__Ltext30                     text30       000000
__Ltext31                     text31       000000
__Ltext32                     text32       000000
__Ltext33                     text33       000000
__Ltext34                     text34       000000
__Ltext35                     text35       000000
__Ltext36                     text36       000000
__Ltext37                     text37       000000
__Ltext38                     text38       000000
__Ltext39                     text39       000000
__Ltext4                      text4        000000
__Ltext40                     text40       000000
__Ltext41                     text41       000000
__Ltext42                     text42       000000
__Ltext43                     text43       000000
__Ltext45                     text45       000000
__Ltext46                     text46       000000
__Ltext47                     text47       000000
__Ltext48                     text48       000000
__Ltext49                     text49       000000
__Ltext5                      text5        000000
__Ltext6                      text6        000000
__Ltext7                      text7        000000
__Ltext8                      text8        000000
__Ltext9                      text9        000000
__S0                          (abs)        30000E
__S1                          (abs)        00014B
__S2                          (abs)        000000
___awdiv                      text7        0030AA
___awdiv@counter              cstackBANK0  00008A
___awdiv@dividend             cstackBANK0  000086
___awdiv@divisor              cstackBANK0  000088
___awdiv@quotient             cstackBANK0  00008C
___awdiv@sign                 cstackBANK0  00008B
___awmod                      text6        0031B4
___awmod@counter              cstackBANK0  000084
___awmod@dividend             cstackBANK0  000080
___awmod@divisor              cstackBANK0  000082
___awmod@sign                 cstackBANK0  000085
___fladd                      text28       00145C
___fladd@a                    cstackBANK0  0000BE
___fladd@aexp                 cstackBANK0  0000CB
___fladd@b                    cstackBANK0  0000BA
___fladd@bexp                 cstackBANK0  0000CC
___fladd@grs                  cstackBANK0  0000CD
___fladd@signs                cstackBANK0  0000CA
___fldiv                      text34       0020BA
___fldiv@a                    cstackBANK0  0000B1
___fldiv@aexp                 cstackBANK0  0000C5
___fldiv@b                    cstackBANK0  0000AD
___fldiv@bexp                 cstackBANK0  0000C4
___fldiv@grs                  cstackBANK0  0000C0
___fldiv@new_exp              cstackBANK0  0000BE
___fldiv@rem                  cstackBANK0  0000BA
___fldiv@sign                 cstackBANK0  0000B9
___flge                       text14       002B0C
___flge@ff1                   cstackBANK0  0000CE
___flge@ff2                   cstackBANK0  0000D2
___flmul                      text33       00110A
___flmul@a                    cstackBANK0  000098
___flmul@aexp                 cstackBANK0  0000A5
___flmul@b                    cstackBANK0  000094
___flmul@bexp                 cstackBANK0  0000A6
___flmul@grs                  cstackBANK0  0000A1
___flmul@prod                 cstackBANK0  0000A7
___flmul@sign                 cstackBANK0  0000A0
___flmul@temp                 cstackBANK0  0000AB
___flneg                      text13       0035A2
___flneg@f1                   cstackBANK0  000094
___flsub                      text12       003462
___flsub@a                    cstackBANK0  0000D2
___flsub@b                    cstackBANK0  0000CE
___fltol                      text27       002E42
___fltol@exp1                 cstackBANK0  0000DA
___fltol@f1                   cstackBANK0  0000D1
___fltol@sign1                cstackBANK0  0000D9
___inthi_sp                   stack        000000
___intlo_sp                   stack        000000
___lldiv                      text11       003130
___lldiv@counter              cstackBANK0  00008C
___lldiv@dividend             cstackBANK0  000080
___lldiv@divisor              cstackBANK0  000084
___lldiv@quotient             cstackBANK0  000088
___llmod                      text10       003294
___llmod@counter              cstackBANK0  000095
___llmod@dividend             cstackBANK0  00008D
___llmod@divisor              cstackBANK0  000091
___param_bank                 (abs)        000000
___rparam_used                (abs)        000001
___sp                         stack        000000
___wmul                       text32       0036B0
___wmul@multiplicand          cstackBANK0  000082
___wmul@multiplier            cstackBANK0  000080
___wmul@product               cstackBANK0  000084
___xxtofl                     text31       0024D0
___xxtofl@arg                 cstackBANK0  000090
___xxtofl@exp                 cstackBANK0  00008F
___xxtofl@sign                cstackBANK0  00008E
___xxtofl@val                 cstackBANK0  000086
__accesstop                   (abs)        000080
__activetblptr                (abs)        000003
__div_to_l_                   text9        0029E2
__div_to_l_@cntr              cstackBANK0  00008C
__div_to_l_@exp1              cstackBANK0  00008D
__div_to_l_@f1                cstackBANK0  000080
__div_to_l_@f2                cstackBANK0  000084
__div_to_l_@quot              cstackBANK0  000088
__end_of_Timer3_isr           text45       002FEA
__end_of___awdiv              text7        003130
__end_of___awmod              text6        003226
__end_of___fladd              text28       00179A
__end_of___fldiv              text34       002370
__end_of___flge               text14       002C2E
__end_of___flmul              text33       00145C
__end_of___flneg              text13       0035D2
__end_of___flsub              text12       0034AA
__end_of___fltol              text27       002F20
__end_of___lldiv              text11       0031B4
__end_of___llmod              text10       0032FC
__end_of___wmul               text32       0036D8
__end_of___xxtofl             text31       002624
__end_of__div_to_l_           text9        002B0C
__end_of__initialization      cinit        003458
__end_of__npowers_            mediumconst  00FF5F
__end_of__powers_             mediumconst  00FF2B
__end_of__tdiv_to_l_          text8        0029E2
__end_of_delay_cycles         text38       0035A2
__end_of_delay_ms             text39       0036B0
__end_of_dpowers              mediumconst  00FF87
__end_of_enableInterrupts     text43       00377A
__end_of_fround               text5        0020BA
__end_of_getMode              text18       0033C0
__end_of_highIsr              intcode_body 002E42
__end_of_initTimers01         text42       00365C
__end_of_init_adc_no_lib      text41       003774
__end_of_init_pwm1            text40       003768
__end_of_isdigit              text4        003746
__end_of_lcd_gotoxy           text17       0034F2
__end_of_lcd_init             text35       003294
__end_of_lcd_putc             text16       00335E
__end_of_lcd_puts             text15       0036FE
__end_of_lcd_send_byte        text36       003414
__end_of_lcd_send_nibble      text37       003724
__end_of_main                 text0        001DF4
__end_of_read_adc_raw_no_lib  text30       003532
__end_of_read_adc_voltage     text29       0024D0
__end_of_scale                text3        00110A
__end_of_set_pwm1_percent     text25       0030AA
__end_of_set_pwm1_raw         text26       003602
__end_of_setupPorts           text24       003686
__end_of_setupPorts3          text23       00356E
__end_of_sprintf              text2        000C66
__end_of_turnOFFCooler        text22       003758
__end_of_turnOFFHeater        text21       00378A
__end_of_turnONCooler         text20       003786
__end_of_turnONHeater         text19       003782
__end_of_updateLCD            text1        0028AE
__end_ofi2___fladd            text49       001AD6
__end_ofi2___flge             text48       002D4E
__end_ofi2___flneg            text47       003630
__end_ofi2___xxtofl           text46       002774
__initialization              cinit        003414
__mediumconst                 mediumconst  00FEF6
__npowers_                    mediumconst  00FF2B
__pbssBANK0                   bssBANK0     0000F7
__pbssBANK1                   bssBANK1     000145
__pbssCOMRAM                  bssCOMRAM    000049
__pcinit                      cinit        003414
__pcstackBANK0                cstackBANK0  000080
__pcstackBANK1                cstackBANK1  000100
__pcstackCOMRAM               cstackCOMRAM 000001
__pdataCOMRAM                 dataCOMRAM   00004E
__pidataCOMRAM                idataCOMRAM  00377A
__pintcode                    intcode      000008
__pintcode_body               intcode_body 002D4E
__pmediumconst                mediumconst  00FEF6
__powers_                     mediumconst  00FEF7
__ptext0                      text0        001AD6
__ptext1                      text1        002774
__ptext10                     text10       003294
__ptext11                     text11       003130
__ptext12                     text12       003462
__ptext13                     text13       0035A2
__ptext14                     text14       002B0C
__ptext15                     text15       0036D8
__ptext16                     text16       0032FC
__ptext17                     text17       0034AA
__ptext18                     text18       00335E
__ptext19                     text19       00377E
__ptext2                      text2        000012
__ptext20                     text20       003782
__ptext21                     text21       003786
__ptext22                     text22       003746
__ptext23                     text23       003532
__ptext24                     text24       00365C
__ptext25                     text25       002FEA
__ptext26                     text26       0035D2
__ptext27                     text27       002E42
__ptext28                     text28       00145C
__ptext29                     text29       002370
__ptext3                      text3        000C66
__ptext30                     text30       0034F2
__ptext31                     text31       0024D0
__ptext32                     text32       0036B0
__ptext33                     text33       00110A
__ptext34                     text34       0020BA
__ptext35                     text35       003226
__ptext36                     text36       0033C0
__ptext37                     text37       0036FE
__ptext38                     text38       00356E
__ptext39                     text39       003686
__ptext4                      text4        003724
__ptext40                     text40       003758
__ptext41                     text41       003768
__ptext42                     text42       003630
__ptext43                     text43       003774
__ptext45                     text45       002F20
__ptext46                     text46       002624
__ptext47                     text47       003602
__ptext48                     text48       002C2E
__ptext49                     text49       00179A
__ptext5                      text5        001DF4
__ptext6                      text6        0031B4
__ptext7                      text7        0030AA
__ptext8                      text8        0028AE
__ptext9                      text9        0029E2
__ramtop                      ramtop       001000
__size_of_Timer3_isr          (abs)        000000
__size_of___awdiv             (abs)        000000
__size_of___awmod             (abs)        000000
__size_of___fladd             (abs)        000000
__size_of___fldiv             (abs)        000000
__size_of___flge              (abs)        000000
__size_of___flmul             (abs)        000000
__size_of___flneg             (abs)        000000
__size_of___flsub             (abs)        000000
__size_of___fltol             (abs)        000000
__size_of___lldiv             (abs)        000000
__size_of___llmod             (abs)        000000
__size_of___wmul              (abs)        000000
__size_of___xxtofl            (abs)        000000
__size_of__div_to_l_          (abs)        000000
__size_of__tdiv_to_l_         (abs)        000000
__size_of_delay_cycles        (abs)        000000
__size_of_delay_ms            (abs)        000000
__size_of_enableInterrupts    (abs)        000000
__size_of_fround              (abs)        000000
__size_of_getMode             (abs)        000000
__size_of_highIsr             (abs)        000000
__size_of_initTimers01        (abs)        000000
__size_of_init_adc_no_lib     (abs)        000000
__size_of_init_pwm1           (abs)        000000
__size_of_isdigit             (abs)        000000
__size_of_lcd_gotoxy          (abs)        000000
__size_of_lcd_init            (abs)        000000
__size_of_lcd_putc            (abs)        000000
__size_of_lcd_puts            (abs)        000000
__size_of_lcd_send_byte       (abs)        000000
__size_of_lcd_send_nibble     (abs)        000000
__size_of_main                (abs)        000000
__size_of_read_adc_raw_no_lib (abs)        000000
__size_of_read_adc_voltage    (abs)        000000
__size_of_scale               (abs)        000000
__size_of_set_pwm1_percent    (abs)        000000
__size_of_set_pwm1_raw        (abs)        000000
__size_of_setupPorts          (abs)        000000
__size_of_setupPorts3         (abs)        000000
__size_of_sprintf             (abs)        000000
__size_of_turnOFFCooler       (abs)        000000
__size_of_turnOFFHeater       (abs)        000000
__size_of_turnONCooler        (abs)        000000
__size_of_turnONHeater        (abs)        000000
__size_of_updateLCD           (abs)        000000
__size_ofi2___fladd           (abs)        000000
__size_ofi2___flge            (abs)        000000
__size_ofi2___flneg           (abs)        000000
__size_ofi2___xxtofl          (abs)        000000
__smallconst                  smallconst   000000
__tdiv_to_l_                  text8        0028AE
__tdiv_to_l_@cntr             cstackBANK0  00008F
__tdiv_to_l_@exp1             cstackBANK0  000090
__tdiv_to_l_@f1               cstackBANK0  000080
__tdiv_to_l_@f2               cstackBANK0  000084
__tdiv_to_l_@quot             cstackBANK0  00008B
_coolError                    bssBANK1     000145
_delay_cycles                 text38       00356E
_delay_ms                     text39       003686
_dpowers                      mediumconst  00FF5F
_enableInterrupts             text43       003774
_fround                       text5        001DF4
_fround$1898                  cstackBANK0  0000B5
_fround$1899                  cstackBANK0  0000B1
_getMode                      text18       00335E
_heaterDutyCycle              bssCOMRAM    00004D
_highIsr                      intcode      000008
_initTimers01                 text42       003630
_init_adc_no_lib              text41       003768
_init_pwm1                    text40       003758
_isdigit                      text4        003724
_isdigit$1531                 cstackBANK0  000081
_lcd                          (abs)        000F83
_lcd_gotoxy                   text17       0034AA
_lcd_init                     text35       003226
_lcd_putc                     text16       0032FC
_lcd_puts                     text15       0036D8
_lcd_send_byte                text36       0033C0
_lcd_send_nibble              text37       0036FE
_main                         text0        001AD6
_read_adc_raw_no_lib          text30       0034F2
_read_adc_voltage             text29       002370
_scale                        text3        000C66
_scale$1900                   cstackBANK0  0000B1
_selectedMode                 bssCOMRAM    000049
_set_pwm1_percent             text25       002FEA
_set_pwm1_raw                 text26       0035D2
_setupPorts                   text24       00365C
_setupPorts3                  text23       003532
_sprintf                      text2        000012
_sprintf$1901                 cstackBANK1  000100
_turnOFFCooler                text22       003746
_turnOFFHeater                text21       003786
_turnONCooler                 text20       003782
_turnONHeater                 text19       00377E
_updateLCD                    text1        002774
_updateLCD$621                cstackBANK1  000141
_updateLCD$622                cstackBANK1  000143
btemp                         temp         000052
delay_cycles@n                cstackBANK0  000083
delay_cycles@x                cstackBANK0  000084
delay_ms@n                    cstackBANK0  000080
delay_ms@x                    cstackBANK0  000082
end_of_initialization         cinit        003458
fround@prec                   cstackBANK0  0000B9
i2___fladd                    text49       00179A
i2___fladd@a                  cstackCOMRAM 000017
i2___fladd@aexp               cstackCOMRAM 000024
i2___fladd@b                  cstackCOMRAM 000013
i2___fladd@bexp               cstackCOMRAM 000025
i2___fladd@grs                cstackCOMRAM 000026
i2___fladd@signs              cstackCOMRAM 000023
i2___flge                     text48       002C2E
i2___flge@ff1                 cstackCOMRAM 000027
i2___flge@ff2                 cstackCOMRAM 00002B
i2___flneg                    text47       003602
i2___flneg@f1                 cstackCOMRAM 00000F
i2___xxtofl                   text46       002624
i2___xxtofl@arg               cstackCOMRAM 00000B
i2___xxtofl@exp               cstackCOMRAM 00000A
i2___xxtofl@sign              cstackCOMRAM 000009
i2___xxtofl@val               cstackCOMRAM 000001
int$flags                     temp         000052
int_func                      intcode_body 002D4E
intlevel0                     text         000000
intlevel1                     text         000000
intlevel2                     text         000000
intlevel3                     text         000000
isdigit@c                     cstackBANK0  000082
lcd_gotoxy@address            cstackBANK0  00008C
lcd_gotoxy@x                  cstackBANK0  00008B
lcd_gotoxy@y                  cstackBANK0  00008A
lcd_init@i                    cstackBANK0  00008A
lcd_putc@c                    cstackBANK0  00008D
lcd_puts@s                    cstackBANK0  00008E
lcd_send_byte@cm_data         cstackBANK0  000089
lcd_send_byte@n               cstackBANK0  000088
lcd_send_nibble@n             cstackBANK0  000087
main@RPS                      cstackBANK0  0000EB
main@coolAmount               cstackBANK0  0000EF
main@raw_val                  cstackBANK0  0000ED
main@tst                      cstackBANK0  0000F3
read_adc_raw_no_lib@channel   cstackBANK0  000086
read_adc_raw_no_lib@raw_value cstackBANK0  000084
read_adc_voltage@channel      cstackBANK0  0000CC
read_adc_voltage@raw_value    cstackBANK0  0000CA
read_adc_voltage@voltage      cstackBANK0  0000CD
scale@scl                     cstackBANK0  0000B5
set_pwm1_percent@raw_val      cstackBANK0  0000E7
set_pwm1_percent@tmp          cstackBANK0  0000E3
set_pwm1_percent@value        cstackBANK0  0000DF
set_pwm1_raw@raw_value        cstackBANK0  0000DB
sprintf@ap                    cstackBANK1  000106
sprintf@c                     cstackBANK1  00011E
sprintf@cp                    cstackBANK1  000104
sprintf@exp                   cstackBANK1  000114
sprintf@f                     cstackBANK0  0000DD
sprintf@flag                  cstackBANK1  00010A
sprintf@fval                  cstackBANK1  000118
sprintf@len                   cstackBANK1  000108
sprintf@prec                  cstackBANK1  00011C
sprintf@sp                    cstackBANK0  0000DB
sprintf@tmpval                cstackBANK1  00010C
sprintf@val                   cstackBANK1  000110
sprintf@width                 cstackBANK1  000116
stackhi                       (abs)        000F7F
stacklo                       (abs)        00014B
start                         init         00000E
start_initialization          cinit        003414
updateLCD@Buffer              cstackBANK1  00011F
updateLCD@s                   cstackBANK1  00013F
wtemp6                        temp         000053


FUNCTION INFORMATION:

 *************** function _main *****************
 Defined at:
		line 143 in file "pwm_asl.c"
 Parameters:    Size  Location     Type
		None
 Auto vars:     Size  Location     Type
  tst             4  115[BANK0 ] float 
  coolAmount      4  111[BANK0 ] float 
  raw_val         2  109[BANK0 ] int 
  RPS             2  107[BANK0 ] int 
 Return value:  Size  Location     Type
                  1    wreg      void 
 Registers used:
		wreg, fsr0l, fsr0h, fsr2l, fsr2h, status,2, status,0, tblptrl, tblptrh, tblptru, prodl, prodh, cstack
 Tracked objects:
		On entry : 
		On exit  : 
		Unchanged: 
 Data sizes:     COMRAM   BANK0   BANK1   BANK2   BANK3   BANK4   BANK5   BANK6   BANK7   BANK8   BANK9  BANK10  BANK11  BANK12  BANK13  BANK14  BANK15
      Params:         0       0       0       0       0       0       0       0       0       0       0       0       0       0       0       0       0
      Locals:         0      12       0       0       0       0       0       0       0       0       0       0       0       0       0       0       0
      Temps:          0       0       0       0       0       0       0       0       0       0       0       0       0       0       0       0       0
      Totals:         0      12       0       0       0       0       0       0       0       0       0       0       0       0       0       0       0
Total ram usage:       12 bytes
 Hardware stack levels required when called:   10
 This function calls:
		___fladd
		___fldiv
		___flge
		___flmul
		___flneg
		___fltol
		___xxtofl
		_delay_ms
		_enableInterrupts
		_initTimers01
		_init_adc_no_lib
		_init_pwm1
		_lcd_init
		_lcd_putc
		_read_adc_voltage
		_set_pwm1_percent
		_set_pwm1_raw
		_setupPorts
		_setupPorts3
		_turnOFFCooler
		_turnOFFHeater
		_turnONCooler
		_turnONHeater
		_updateLCD
 This function is called by:
		Startup code after reset
 This function uses a non-reentrant model


 *************** function _updateLCD *****************
 Defined at:
		line 239 in file "pwm_asl.c"
 Parameters:    Size  Location     Type
		None
 Auto vars:     Size  Location     Type
  Buffer         32   31[BANK1 ] unsigned char [32]
  s               2   63[BANK1 ] PTR unsigned char 
		 -> STR_5(4), STR_4(16), STR_3(11), STR_2(14), 
		 -> STR_1(13), 
 Return value:  Size  Location     Type
                  1    wreg      void 
 Registers used:
		wreg, fsr0l, fsr0h, fsr2l, fsr2h, status,2, status,0, tblptrl, tblptrh, tblptru, prodl, prodh, cstack
 Tracked objects:
		On entry : 
		On exit  : 
		Unchanged: 
 Data sizes:     COMRAM   BANK0   BANK1   BANK2   BANK3   BANK4   BANK5   BANK6   BANK7   BANK8   BANK9  BANK10  BANK11  BANK12  BANK13  BANK14  BANK15
      Params:         0       0       0       0       0       0       0       0       0       0       0       0       0       0       0       0       0
      Locals:         0       0      38       0       0       0       0       0       0       0       0       0       0       0       0       0       0
      Temps:          0       0       0       0       0       0       0       0       0       0       0       0       0       0       0       0       0
      Totals:         0       0      38       0       0       0       0       0       0       0       0       0       0       0       0       0       0
Total ram usage:       38 bytes
 Hardware stack levels used:    1
 Hardware stack levels required when called:    9
 This function calls:
		_getMode
		_lcd_gotoxy
		_lcd_puts
		_sprintf
 This function is called by:
		_main
 This function uses a non-reentrant model


 *************** function _sprintf *****************
 Defined at:
		line 492 in file "/opt/microchip/xc8/v1.45/sources/common/doprnt.c"
 Parameters:    Size  Location     Type
  sp              2   91[BANK0 ] PTR unsigned char 
		 -> updateLCD@Buffer(32), 
  f               2   93[BANK0 ] PTR const unsigned char 
		 -> STR_9(8), STR_8(9), STR_7(20), STR_6(18), 
 Auto vars:     Size  Location     Type
  fval            4   24[BANK1 ] PTR const unsigned char 
  val             4   16[BANK1 ] unsigned long 
  tmpval          4   12[BANK1 ] struct .
  prec            2   28[BANK1 ] int 
  width           2   22[BANK1 ] int 
  exp             2   20[BANK1 ] int 
  flag            2   10[BANK1 ] unsigned short 
  len             2    8[BANK1 ] unsigned int 
  ap              2    6[BANK1 ] PTR void [1]
		 -> ?_sprintf(2), 
  cp              2    4[BANK1 ] PTR const unsigned char 
		 -> STR_10(7), sprintf@c(1), STR_5(4), STR_4(16), 
		 -> STR_3(11), STR_2(14), STR_1(13), 
  c               1   30[BANK1 ] char 
  d               1    0        unsigned char 
 Return value:  Size  Location     Type
                  2   91[BANK0 ] int 
 Registers used:
		wreg, fsr0l, fsr0h, fsr2l, fsr2h, status,2, status,0, tblptrl, tblptrh, tblptru, prodl, prodh, cstack
 Tracked objects:
		On entry : 
		On exit  : 
		Unchanged: 
 Data sizes:     COMRAM   BANK0   BANK1   BANK2   BANK3   BANK4   BANK5   BANK6   BANK7   BANK8   BANK9  BANK10  BANK11  BANK12  BANK13  BANK14  BANK15
      Params:         0      12       0       0       0       0       0       0       0       0       0       0       0       0       0       0       0
      Locals:         0       0      31       0       0       0       0       0       0       0       0       0       0       0       0       0       0
      Temps:          0       4       0       0       0       0       0       0       0       0       0       0       0       0       0       0       0
      Totals:         0      16      31       0       0       0       0       0       0       0       0       0       0       0       0       0       0
Total ram usage:       47 bytes
 Hardware stack levels used:    1
 Hardware stack levels required when called:    5
 This function calls:
		___awdiv
		___fladd
		___flge
		___flmul
		___flneg
		___flsub
		___fltol
		___lldiv
		___llmod
		___wmul
		___xxtofl
		__div_to_l_
		__tdiv_to_l_
		_fround
		_isdigit
		_scale
 This function is called by:
		_updateLCD
 This function uses a non-reentrant model


 *************** function _scale *****************
 Defined at:
		line 425 in file "/opt/microchip/xc8/v1.45/sources/common/doprnt.c"
 Parameters:    Size  Location     Type
  scl             1    wreg     char 
 Auto vars:     Size  Location     Type
  scl             1   53[BANK0 ] char 
 Return value:  Size  Location     Type
                  4   45[BANK0 ] char 
 Registers used:
		wreg, status,2, status,0, tblptrl, tblptrh, tblptru, prodl, prodh, cstack
 Tracked objects:
		On entry : 
		On exit  : 
		Unchanged: 
 Data sizes:     COMRAM   BANK0   BANK1   BANK2   BANK3   BANK4   BANK5   BANK6   BANK7   BANK8   BANK9  BANK10  BANK11  BANK12  BANK13  BANK14  BANK15
      Params:         0       4       0       0       0       0       0       0       0       0       0       0       0       0       0       0       0
      Locals:         0       5       0       0       0       0       0       0       0       0       0       0       0       0       0       0       0
      Temps:          0       0       0       0       0       0       0       0       0       0       0       0       0       0       0       0       0
      Totals:         0       9       0       0       0       0       0       0       0       0       0       0       0       0       0       0       0
Total ram usage:        9 bytes
 Hardware stack levels used:    1
 Hardware stack levels required when called:    4
 This function calls:
		___awdiv
		___awmod
		___flmul
 This function is called by:
		_sprintf
 This function uses a non-reentrant model


 *************** function _isdigit *****************
 Defined at:
		line 8 in file "/opt/microchip/xc8/v1.45/sources/common/isdigit.c"
 Parameters:    Size  Location     Type
  c               1    wreg     unsigned char 
 Auto vars:     Size  Location     Type
  c               1    2[BANK0 ] unsigned char 
 Return value:  Size  Location     Type
		None               void
 Registers used:
		wreg, status,2, status,0
 Tracked objects:
		On entry : 
		On exit  : 
		Unchanged: 
 Data sizes:     COMRAM   BANK0   BANK1   BANK2   BANK3   BANK4   BANK5   BANK6   BANK7   BANK8   BANK9  BANK10  BANK11  BANK12  BANK13  BANK14  BANK15
      Params:         0       0       0       0       0       0       0       0       0       0       0       0       0       0       0       0       0
      Locals:         0       2       0       0       0       0       0       0       0       0       0       0       0       0       0       0       0
      Temps:          0       1       0       0       0       0       0       0       0       0       0       0       0       0       0       0       0
      Totals:         0       3       0       0       0       0       0       0       0       0       0       0       0       0       0       0       0
Total ram usage:        3 bytes
 Hardware stack levels used:    1
 Hardware stack levels required when called:    3
 This function calls:
		Nothing
 This function is called by:
		_sprintf
 This function uses a non-reentrant model


 *************** function _fround *****************
 Defined at:
		line 409 in file "/opt/microchip/xc8/v1.45/sources/common/doprnt.c"
 Parameters:    Size  Location     Type
  prec            1    wreg     unsigned char 
 Auto vars:     Size  Location     Type
  prec            1   57[BANK0 ] unsigned char 
 Return value:  Size  Location     Type
                  4   45[BANK0 ] unsigned char 
 Registers used:
		wreg, status,2, status,0, tblptrl, tblptrh, tblptru, prodl, prodh, cstack
 Tracked objects:
		On entry : 
		On exit  : 
		Unchanged: 
 Data sizes:     COMRAM   BANK0   BANK1   BANK2   BANK3   BANK4   BANK5   BANK6   BANK7   BANK8   BANK9  BANK10  BANK11  BANK12  BANK13  BANK14  BANK15
      Params:         0       4       0       0       0       0       0       0       0       0       0       0       0       0       0       0       0
      Locals:         0       9       0       0       0       0       0       0       0       0       0       0       0       0       0       0       0
      Temps:          0       0       0       0       0       0       0       0       0       0       0       0       0       0       0       0       0
      Totals:         0      13       0       0       0       0       0       0       0       0       0       0       0       0       0       0       0
Total ram usage:       13 bytes
 Hardware stack levels used:    1
 Hardware stack levels required when called:    4
 This function calls:
		___awdiv
		___awmod
		___flmul
 This function is called by:
		_sprintf
 This function uses a non-reentrant model


 *************** function ___awmod *****************
 Defined at:
		line 8 in file "/opt/microchip/xc8/v1.45/sources/common/awmod.c"
 Parameters:    Size  Location     Type
  dividend        2    0[BANK0 ] int 
  divisor         2    2[BANK0 ] int 
 Auto vars:     Size  Location     Type
  sign            1    5[BANK0 ] unsigned char 
  counter         1    4[BANK0 ] unsigned char 
 Return value:  Size  Location     Type
                  2    0[BANK0 ] int 
 Registers used:
		wreg, status,2, status,0
 Tracked objects:
		On entry : 
		On exit  : 
		Unchanged: 
 Data sizes:     COMRAM   BANK0   BANK1   BANK2   BANK3   BANK4   BANK5   BANK6   BANK7   BANK8   BANK9  BANK10  BANK11  BANK12  BANK13  BANK14  BANK15
      Params:         0       4       0       0       0       0       0       0       0       0       0       0       0       0       0       0       0
      Locals:         0       2       0       0       0       0       0       0       0       0       0       0       0       0       0       0       0
      Temps:          0       0       0       0       0       0       0       0       0       0       0       0       0       0       0       0       0
      Totals:         0       6       0       0       0       0       0       0       0       0       0       0       0       0       0       0       0
Total ram usage:        6 bytes
 Hardware stack levels used:    1
 Hardware stack levels required when called:    3
 This function calls:
		Nothing
 This function is called by:
		_fround
		_scale
 This function uses a non-reentrant model


 *************** function ___awdiv *****************
 Defined at:
		line 8 in file "/opt/microchip/xc8/v1.45/sources/common/awdiv.c"
 Parameters:    Size  Location     Type
  dividend        2    6[BANK0 ] int 
  divisor         2    8[BANK0 ] int 
 Auto vars:     Size  Location     Type
  quotient        2   12[BANK0 ] int 
  sign            1   11[BANK0 ] unsigned char 
  counter         1   10[BANK0 ] unsigned char 
 Return value:  Size  Location     Type
                  2    6[BANK0 ] int 
 Registers used:
		wreg, status,2, status,0
 Tracked objects:
		On entry : 
		On exit  : 
		Unchanged: 
 Data sizes:     COMRAM   BANK0   BANK1   BANK2   BANK3   BANK4   BANK5   BANK6   BANK7   BANK8   BANK9  BANK10  BANK11  BANK12  BANK13  BANK14  BANK15
      Params:         0       4       0       0       0       0       0       0       0       0       0       0       0       0       0       0       0
      Locals:         0       4       0       0       0       0       0       0       0       0       0       0       0       0       0       0       0
      Temps:          0       0       0       0       0       0       0       0       0       0       0       0       0       0       0       0       0
      Totals:         0       8       0       0       0       0       0       0       0       0       0       0       0       0       0       0       0
Total ram usage:        8 bytes
 Hardware stack levels used:    1
 Hardware stack levels required when called:    3
 This function calls:
		Nothing
 This function is called by:
		_fround
		_scale
		_sprintf
 This function uses a non-reentrant model


 *************** function __tdiv_to_l_ *****************
 Defined at:
		line 60 in file "/opt/microchip/xc8/v1.45/sources/common/ftdivl.c"
 Parameters:    Size  Location     Type
  f1              4    0[BANK0 ] float 
  f2              4    4[BANK0 ] float 
 Auto vars:     Size  Location     Type
  quot            4   11[BANK0 ] unsigned long 
  exp1            1   16[BANK0 ] unsigned char 
  cntr            1   15[BANK0 ] unsigned char 
 Return value:  Size  Location     Type
                  4    0[BANK0 ] unsigned long 
 Registers used:
		wreg, status,2, status,0
 Tracked objects:
		On entry : 
		On exit  : 
		Unchanged: 
 Data sizes:     COMRAM   BANK0   BANK1   BANK2   BANK3   BANK4   BANK5   BANK6   BANK7   BANK8   BANK9  BANK10  BANK11  BANK12  BANK13  BANK14  BANK15
      Params:         0       8       0       0       0       0       0       0       0       0       0       0       0       0       0       0       0
      Locals:         0       6       0       0       0       0       0       0       0       0       0       0       0       0       0       0       0
      Temps:          0       3       0       0       0       0       0       0       0       0       0       0       0       0       0       0       0
      Totals:         0      17       0       0       0       0       0       0       0       0       0       0       0       0       0       0       0
Total ram usage:       17 bytes
 Hardware stack levels used:    1
 Hardware stack levels required when called:    3
 This function calls:
		Nothing
 This function is called by:
		_sprintf
 This function uses a non-reentrant model


 *************** function __div_to_l_ *****************
 Defined at:
		line 60 in file "/opt/microchip/xc8/v1.45/sources/common/fldivl.c"
 Parameters:    Size  Location     Type
  f1              4    0[BANK0 ] unsigned long 
  f2              4    4[BANK0 ] unsigned long 
 Auto vars:     Size  Location     Type
  quot            4    8[BANK0 ] unsigned long 
  exp1            1   13[BANK0 ] unsigned char 
  cntr            1   12[BANK0 ] unsigned char 
 Return value:  Size  Location     Type
                  4    0[BANK0 ] unsigned long 
 Registers used:
		wreg, status,2, status,0
 Tracked objects:
		On entry : 
		On exit  : 
		Unchanged: 
 Data sizes:     COMRAM   BANK0   BANK1   BANK2   BANK3   BANK4   BANK5   BANK6   BANK7   BANK8   BANK9  BANK10  BANK11  BANK12  BANK13  BANK14  BANK15
      Params:         0       8       0       0       0       0       0       0       0       0       0       0       0       0       0       0       0
      Locals:         0       6       0       0       0       0       0       0       0       0       0       0       0       0       0       0       0
      Temps:          0       0       0       0       0       0       0       0       0       0       0       0       0       0       0       0       0
      Totals:         0      14       0       0       0       0       0       0       0       0       0       0       0       0       0       0       0
Total ram usage:       14 bytes
 Hardware stack levels used:    1
 Hardware stack levels required when called:    3
 This function calls:
		Nothing
 This function is called by:
		_sprintf
 This function uses a non-reentrant model


 *************** function ___llmod *****************
 Defined at:
		line 8 in file "/opt/microchip/xc8/v1.45/sources/common/llmod.c"
 Parameters:    Size  Location     Type
  dividend        4   13[BANK0 ] unsigned long 
  divisor         4   17[BANK0 ] unsigned long 
 Auto vars:     Size  Location     Type
  counter         1   21[BANK0 ] unsigned char 
 Return value:  Size  Location     Type
                  4   13[BANK0 ] unsigned long 
 Registers used:
		wreg, status,2, status,0
 Tracked objects:
		On entry : 
		On exit  : 
		Unchanged: 
 Data sizes:     COMRAM   BANK0   BANK1   BANK2   BANK3   BANK4   BANK5   BANK6   BANK7   BANK8   BANK9  BANK10  BANK11  BANK12  BANK13  BANK14  BANK15
      Params:         0       8       0       0       0       0       0       0       0       0       0       0       0       0       0       0       0
      Locals:         0       1       0       0       0       0       0       0       0       0       0       0       0       0       0       0       0
      Temps:          0       0       0       0       0       0       0       0       0       0       0       0       0       0       0       0       0
      Totals:         0       9       0       0       0       0       0       0       0       0       0       0       0       0       0       0       0
Total ram usage:        9 bytes
 Hardware stack levels used:    1
 Hardware stack levels required when called:    3
 This function calls:
		Nothing
 This function is called by:
		_sprintf
 This function uses a non-reentrant model


 *************** function ___lldiv *****************
 Defined at:
		line 8 in file "/opt/microchip/xc8/v1.45/sources/common/lldiv.c"
 Parameters:    Size  Location     Type
  dividend        4    0[BANK0 ] unsigned long 
  divisor         4    4[BANK0 ] unsigned long 
 Auto vars:     Size  Location     Type
  quotient        4    8[BANK0 ] unsigned long 
  counter         1   12[BANK0 ] unsigned char 
 Return value:  Size  Location     Type
                  4    0[BANK0 ] unsigned long 
 Registers used:
		wreg, status,2, status,0
 Tracked objects:
		On entry : 
		On exit  : 
		Unchanged: 
 Data sizes:     COMRAM   BANK0   BANK1   BANK2   BANK3   BANK4   BANK5   BANK6   BANK7   BANK8   BANK9  BANK10  BANK11  BANK12  BANK13  BANK14  BANK15
      Params:         0       8       0       0       0       0       0       0       0       0       0       0       0       0       0       0       0
      Locals:         0       5       0       0       0       0       0       0       0       0       0       0       0       0       0       0       0
      Temps:          0       0       0       0       0       0       0       0       0       0       0       0       0       0       0       0       0
      Totals:         0      13       0       0       0       0       0       0       0       0       0       0       0       0       0       0       0
Total ram usage:       13 bytes
 Hardware stack levels used:    1
 Hardware stack levels required when called:    3
 This function calls:
		Nothing
 This function is called by:
		_sprintf
 This function uses a non-reentrant model


 *************** function ___flsub *****************
 Defined at:
		line 245 in file "/opt/microchip/xc8/v1.45/sources/common/sprcadd.c"
 Parameters:    Size  Location     Type
  b               4   78[BANK0 ] unsigned long 
  a               4   82[BANK0 ] unsigned long 
 Auto vars:     Size  Location     Type
		None
 Return value:  Size  Location     Type
                  4   78[BANK0 ] unsigned long 
 Registers used:
		wreg, status,2, status,0, cstack
 Tracked objects:
		On entry : 
		On exit  : 
		Unchanged: 
 Data sizes:     COMRAM   BANK0   BANK1   BANK2   BANK3   BANK4   BANK5   BANK6   BANK7   BANK8   BANK9  BANK10  BANK11  BANK12  BANK13  BANK14  BANK15
      Params:         0       8       0       0       0       0       0       0       0       0       0       0       0       0       0       0       0
      Locals:         0       0       0       0       0       0       0       0       0       0       0       0       0       0       0       0       0
      Temps:          0       0       0       0       0       0       0       0       0       0       0       0       0       0       0       0       0
      Totals:         0       8       0       0       0       0       0       0       0       0       0       0       0       0       0       0       0
Total ram usage:        8 bytes
 Hardware stack levels used:    1
 Hardware stack levels required when called:    4
 This function calls:
		___fladd
 This function is called by:
		_sprintf
 This function uses a non-reentrant model


 *************** function ___flneg *****************
 Defined at:
		line 15 in file "/opt/microchip/xc8/v1.45/sources/common/flneg.c"
 Parameters:    Size  Location     Type
  f1              4   20[BANK0 ] unsigned long 
 Auto vars:     Size  Location     Type
		None
 Return value:  Size  Location     Type
                  4   20[BANK0 ] unsigned long 
 Registers used:
		wreg, status,2, status,0
 Tracked objects:
		On entry : 
		On exit  : 
		Unchanged: 
 Data sizes:     COMRAM   BANK0   BANK1   BANK2   BANK3   BANK4   BANK5   BANK6   BANK7   BANK8   BANK9  BANK10  BANK11  BANK12  BANK13  BANK14  BANK15
      Params:         0       4       0       0       0       0       0       0       0       0       0       0       0       0       0       0       0
      Locals:         0       0       0       0       0       0       0       0       0       0       0       0       0       0       0       0       0
      Temps:          0       0       0       0       0       0       0       0       0       0       0       0       0       0       0       0       0
      Totals:         0       4       0       0       0       0       0       0       0       0       0       0       0       0       0       0       0
Total ram usage:        4 bytes
 Hardware stack levels used:    1
 Hardware stack levels required when called:    3
 This function calls:
		Nothing
 This function is called by:
		_main
		_sprintf
		_set_pwm1_general
 This function uses a non-reentrant model


 *************** function ___flge *****************
 Defined at:
		line 4 in file "/opt/microchip/xc8/v1.45/sources/common/flge.c"
 Parameters:    Size  Location     Type
  ff1             4   78[BANK0 ] unsigned long 
  ff2             4   82[BANK0 ] unsigned long 
 Auto vars:     Size  Location     Type
		None
 Return value:  Size  Location     Type
		None               void
 Registers used:
		wreg, status,2, status,0
 Tracked objects:
		On entry : 
		On exit  : 
		Unchanged: 
 Data sizes:     COMRAM   BANK0   BANK1   BANK2   BANK3   BANK4   BANK5   BANK6   BANK7   BANK8   BANK9  BANK10  BANK11  BANK12  BANK13  BANK14  BANK15
      Params:         0       8       0       0       0       0       0       0       0       0       0       0       0       0       0       0       0
      Locals:         0       0       0       0       0       0       0       0       0       0       0       0       0       0       0       0       0
      Temps:          0       4       0       0       0       0       0       0       0       0       0       0       0       0       0       0       0
      Totals:         0      12       0       0       0       0       0       0       0       0       0       0       0       0       0       0       0
Total ram usage:       12 bytes
 Hardware stack levels used:    1
 Hardware stack levels required when called:    3
 This function calls:
		Nothing
 This function is called by:
		_main
		_sprintf
 This function uses a non-reentrant model


 *************** function _lcd_puts *****************
 Defined at:
		line 120 in file "lcd_x8.c"
 Parameters:    Size  Location     Type
  s               2   14[BANK0 ] PTR unsigned char 
		 -> updateLCD@Buffer(32), 
 Auto vars:     Size  Location     Type
		None
 Return value:  Size  Location     Type
                  1    wreg      void 
 Registers used:
		wreg, fsr2l, fsr2h, status,2, status,0, cstack
 Tracked objects:
		On entry : 
		On exit  : 
		Unchanged: 
 Data sizes:     COMRAM   BANK0   BANK1   BANK2   BANK3   BANK4   BANK5   BANK6   BANK7   BANK8   BANK9  BANK10  BANK11  BANK12  BANK13  BANK14  BANK15
      Params:         0       2       0       0       0       0       0       0       0       0       0       0       0       0       0       0       0
      Locals:         0       0       0       0       0       0       0       0       0       0       0       0       0       0       0       0       0
      Temps:          0       0       0       0       0       0       0       0       0       0       0       0       0       0       0       0       0
      Totals:         0       2       0       0       0       0       0       0       0       0       0       0       0       0       0       0       0
Total ram usage:        2 bytes
 Hardware stack levels used:    1
 Hardware stack levels required when called:    8
 This function calls:
		_lcd_putc
 This function is called by:
		_updateLCD
 This function uses a non-reentrant model


 *************** function _lcd_putc *****************
 Defined at:
		line 106 in file "lcd_x8.c"
 Parameters:    Size  Location     Type
  c               1    wreg     unsigned char 
 Auto vars:     Size  Location     Type
  c               1   13[BANK0 ] unsigned char 
 Return value:  Size  Location     Type
[...]
      Params:         0       2       0       0       0       0       0       0       0       0       0       0       0       0       0       0       0
      Locals:         0       2       0       0       0       0       0       0       0       0       0       0       0       0       0       0       0
      Temps:          0       0       0       0       0       0       0       0       0       0       0       0       0       0       0       0       0
      Totals:         0       4       0       0       0       0       0       0       0       0       0       0       0       0       0       0       0
Total ram usage:        4 bytes
 Hardware stack levels used:    1
 Hardware stack levels required when called:    3
 This function calls:
		Nothing
 This function is called by:
		_main
		_lcd_send_byte
		_lcd_init
		_lcd_putc
 This function uses a non-reentrant model


 *************** function _init_pwm1 *****************
 Defined at:
		line 5 in file "my_pwm.c"
 Parameters:    Size  Location     Type
		None
 Auto vars:     Size  Location     Type
		None
 Return value:  Size  Location     Type
                  1    wreg      void 
 Registers used:
		wreg, status,2
 Tracked objects:
		On entry : 
		On exit  : 
		Unchanged: 
 Data sizes:     COMRAM   BANK0   BANK1   BANK2   BANK3   BANK4   BANK5   BANK6   BANK7   BANK8   BANK9  BANK10  BANK11  BANK12  BANK13  BANK14  BANK15
      Params:         0       0       0       0       0       0       0       0       0       0       0       0       0       0       0       0       0
      Locals:         0       0       0       0       0       0       0       0       0       0       0       0       0       0       0       0       0
      Temps:          0       0       0       0       0       0       0       0       0       0       0       0       0       0       0       0       0
      Totals:         0       0       0       0       0       0       0       0       0       0       0       0       0       0       0       0       0
Total ram usage:        0 bytes
 Hardware stack levels used:    1
 Hardware stack levels required when called:    3
 This function calls:
		Nothing
 This function is called by:
		_main
 This function uses a non-reentrant model


 *************** function _init_adc_no_lib *****************
 Defined at:
		line 11 in file "my_adc.c"
 Parameters:    Size  Location     Type
		None
 Auto vars:     Size  Location     Type
		None
 Return value:  Size  Location     Type
                  1    wreg      void 
 Registers used:
		wreg, status,2
 Tracked objects:
		On entry : 
		On exit  : 
		Unchanged: 
 Data sizes:     COMRAM   BANK0   BANK1   BANK2   BANK3   BANK4   BANK5   BANK6   BANK7   BANK8   BANK9  BANK10  BANK11  BANK12  BANK13  BANK14  BANK15
      Params:         0       0       0       0       0       0       0       0       0       0       0       0       0       0       0       0       0
      Locals:         0       0       0       0       0       0       0       0       0       0       0       0       0       0       0       0       0
      Temps:          0       0       0       0       0       0       0       0       0       0       0       0       0       0       0       0       0
      Totals:         0       0       0       0       0       0       0       0       0       0       0       0       0       0       0       0       0
Total ram usage:        0 bytes
 Hardware stack levels used:    1
 Hardware stack levels required when called:    3
 This function calls:
		Nothing
 This function is called by:
		_main
 This function uses a non-reentrant model


 *************** function _initTimers01 *****************
 Defined at:
		line 323 in file "pwm_asl.c"
 Parameters:    Size  Location     Type
		None
 Auto vars:     Size  Location     Type
		None
 Return value:  Size  Location     Type
                  1    wreg      void 
 Registers used:
		wreg, status,2
 Tracked objects:
		On entry : 
		On exit  : 
		Unchanged: 
 Data sizes:     COMRAM   BANK0   BANK1   BANK2   BANK3   BANK4   BANK5   BANK6   BANK7   BANK8   BANK9  BANK10  BANK11  BANK12  BANK13  BANK14  BANK15
      Params:         0       0       0       0       0       0       0       0       0       0       0       0       0       0       0       0       0
      Locals:         0       0       0       0       0       0       0       0       0       0       0       0       0       0       0       0       0
      Temps:          0       0       0       0       0       0       0       0       0       0       0       0       0       0       0       0       0
      Totals:         0       0       0       0       0       0       0       0       0       0       0       0       0       0       0       0       0
Total ram usage:        0 bytes
 Hardware stack levels used:    1
 Hardware stack levels required when called:    3
 This function calls:
		Nothing
 This function is called by:
		_main
 This function uses a non-reentrant model


 *************** function _enableInterrupts *****************
 Defined at:
		line 263 in file "pwm_asl.c"
 Parameters:    Size  Location     Type
		None
 Auto vars:     Size  Location     Type
		None
 Return value:  Size  Location     Type
                  1    wreg      void 
 Registers used:
		None
 Tracked objects:
		On entry : 
		On exit  : 
		Unchanged: 
 Data sizes:     COMRAM   BANK0   BANK1   BANK2   BANK3   BANK4   BANK5   BANK6   BANK7   BANK8   BANK9  BANK10  BANK11  BANK12  BANK13  BANK14  BANK15
      Params:         0       0       0       0       0       0       0       0       0       0       0       0       0       0       0       0       0
      Locals:         0       0       0       0       0       0       0       0       0       0       0       0       0       0       0       0       0
      Temps:          0       0       0       0       0       0       0       0       0       0       0       0       0       0       0       0       0
      Totals:         0       0       0       0       0       0       0       0       0       0       0       0       0       0       0       0       0
Total ram usage:        0 bytes
 Hardware stack levels used:    1
 Hardware stack levels required when called:    3
 This function calls:
		Nothing
 This function is called by:
		_main
 This function uses a non-reentrant model


 *************** function _highIsr *****************
 Defined at:
		line 98 in file "pwm_asl.c"
 Parameters:    Size  Location     Type
		None
 Auto vars:     Size  Location     Type
		None
 Return value:  Size  Location     Type
                  1    wreg      void 
 Registers used:
		wreg, status,2, status,0, cstack
 Tracked objects:
		On entry : 
		On exit  : 
		Unchanged: 
 Data sizes:     COMRAM   BANK0   BANK1   BANK2   BANK3   BANK4   BANK5   BANK6   BANK7   BANK8   BANK9  BANK10  BANK11  BANK12  BANK13  BANK14  BANK15
      Params:         0       0       0       0       0       0       0       0       0       0       0       0       0       0       0       0       0
      Locals:         0       0       0       0       0       0       0       0       0       0       0       0       0       0       0       0       0
      Temps:         20       0       0       0       0       0       0       0       0       0       0       0       0       0       0       0       0
      Totals:        20       0       0       0       0       0       0       0       0       0       0       0       0       0       0       0       0
Total ram usage:       20 bytes
 Hardware stack levels used:    1
 Hardware stack levels required when called:    2
 This function calls:
		_Timer3_isr
 This function is called by:
		Interrupt level 2
 This function uses a non-reentrant model


 *************** function _Timer3_isr *****************
 Defined at:
		line 283 in file "pwm_asl.c"
 Parameters:    Size  Location     Type
		None
 Auto vars:     Size  Location     Type
		None
 Return value:  Size  Location     Type
                  1    wreg      void 
 Registers used:
		wreg, status,2, status,0, cstack
 Tracked objects:
		On entry : 
		On exit  : 
		Unchanged: 
 Data sizes:     COMRAM   BANK0   BANK1   BANK2   BANK3   BANK4   BANK5   BANK6   BANK7   BANK8   BANK9  BANK10  BANK11  BANK12  BANK13  BANK14  BANK15
      Params:         0       0       0       0       0       0       0       0       0       0       0       0       0       0       0       0       0
      Locals:         0       0       0       0       0       0       0       0       0       0       0       0       0       0       0       0       0
      Temps:          2       0       0       0       0       0       0       0       0       0       0       0       0       0       0       0       0
      Totals:         2       0       0       0       0       0       0       0       0       0       0       0       0       0       0       0       0
Total ram usage:        2 bytes
 Hardware stack levels used:    1
 Hardware stack levels required when called:    1
 This function calls:
		i2___fladd
		i2___flge
		i2___flneg
		i2___xxtofl
 This function is called by:
		_highIsr
 This function uses a non-reentrant model


 *************** function i2___xxtofl *****************
 Defined at:
		line 10 in file "/opt/microchip/xc8/v1.45/sources/common/xxtofl.c"
 Parameters:    Size  Location     Type
  sign            1    wreg     unsigned char 
  val             4    0[COMRAM] long 
 Auto vars:     Size  Location     Type
  sign            1    8[COMRAM] unsigned char 
  __xxtofl        4   10[COMRAM] unsigned long 
  __xxtofl        1    9[COMRAM] unsigned char 
 Return value:  Size  Location     Type
                  4    0[COMRAM] unsigned char 
 Registers used:
		wreg, status,2, status,0
 Tracked objects:
		On entry : 
		On exit  : 
		Unchanged: 
 Data sizes:     COMRAM   BANK0   BANK1   BANK2   BANK3   BANK4   BANK5   BANK6   BANK7   BANK8   BANK9  BANK10  BANK11  BANK12  BANK13  BANK14  BANK15
      Params:         4       0       0       0       0       0       0       0       0       0       0       0       0       0       0       0       0
      Locals:         6       0       0       0       0       0       0       0       0       0       0       0       0       0       0       0       0
      Temps:          4       0       0       0       0       0       0       0       0       0       0       0       0       0       0       0       0
      Totals:        14       0       0       0       0       0       0       0       0       0       0       0       0       0       0       0       0
Total ram usage:       14 bytes
 Hardware stack levels used:    1
 This function calls:
		Nothing
 This function is called by:
		_Timer3_isr
 This function uses a non-reentrant model


 *************** function i2___flneg *****************
 Defined at:
		line 15 in file "/opt/microchip/xc8/v1.45/sources/common/flneg.c"
 Parameters:    Size  Location     Type
  f1              4   14[COMRAM] unsigned char 
 Auto vars:     Size  Location     Type
		None
 Return value:  Size  Location     Type
                  4   14[COMRAM] unsigned char 
 Registers used:
		wreg, status,2, status,0
 Tracked objects:
		On entry : 
		On exit  : 
		Unchanged: 
 Data sizes:     COMRAM   BANK0   BANK1   BANK2   BANK3   BANK4   BANK5   BANK6   BANK7   BANK8   BANK9  BANK10  BANK11  BANK12  BANK13  BANK14  BANK15
      Params:         4       0       0       0       0       0       0       0       0       0       0       0       0       0       0       0       0
      Locals:         0       0       0       0       0       0       0       0       0       0       0       0       0       0       0       0       0
      Temps:          0       0       0       0       0       0       0       0       0       0       0       0       0       0       0       0       0
      Totals:         4       0       0       0       0       0       0       0       0       0       0       0       0       0       0       0       0
Total ram usage:        4 bytes
 Hardware stack levels used:    1
 This function calls:
		Nothing
 This function is called by:
		_Timer3_isr
 This function uses a non-reentrant model


 *************** function i2___flge *****************
 Defined at:
		line 4 in file "/opt/microchip/xc8/v1.45/sources/common/flge.c"
 Parameters:    Size  Location     Type
  ff1             4   38[COMRAM] unsigned char 
  ff2             4   42[COMRAM] unsigned char 
 Auto vars:     Size  Location     Type
		None
 Return value:  Size  Location     Type
		None               void
 Registers used:
		wreg, status,2, status,0
 Tracked objects:
		On entry : 
		On exit  : 
		Unchanged: 
 Data sizes:     COMRAM   BANK0   BANK1   BANK2   BANK3   BANK4   BANK5   BANK6   BANK7   BANK8   BANK9  BANK10  BANK11  BANK12  BANK13  BANK14  BANK15
      Params:         8       0       0       0       0       0       0       0       0       0       0       0       0       0       0       0       0
      Locals:         0       0       0       0       0       0       0       0       0       0       0       0       0       0       0       0       0
      Temps:          4       0       0       0       0       0       0       0       0       0       0       0       0       0       0       0       0
      Totals:        12       0       0       0       0       0       0       0       0       0       0       0       0       0       0       0       0
Total ram usage:       12 bytes
 Hardware stack levels used:    1
 This function calls:
		Nothing
 This function is called by:
		_Timer3_isr
 This function uses a non-reentrant model


 *************** function i2___fladd *****************
 Defined at:
		line 10 in file "/opt/microchip/xc8/v1.45/sources/common/sprcadd.c"
 Parameters:    Size  Location     Type
  b               4   18[COMRAM] unsigned char 
  a               4   22[COMRAM] unsigned char 
 Auto vars:     Size  Location     Type
  __fladd         1   37[COMRAM] unsigned char 
  __fladd         1   36[COMRAM] unsigned char 
  __fladd         1   35[COMRAM] unsigned char 
  __fladd         1   34[COMRAM] unsigned char 
 Return value:  Size  Location     Type
                  4   18[COMRAM] unsigned char 
 Registers used:
		wreg, status,2, status,0
 Tracked objects:
		On entry : 
		On exit  : 
		Unchanged: 
 Data sizes:     COMRAM   BANK0   BANK1   BANK2   BANK3   BANK4   BANK5   BANK6   BANK7   BANK8   BANK9  BANK10  BANK11  BANK12  BANK13  BANK14  BANK15
      Params:         8       0       0       0       0       0       0       0       0       0       0       0       0       0       0       0       0
      Locals:         4       0       0       0       0       0       0       0       0       0       0       0       0       0       0       0       0
      Temps:          8       0       0       0       0       0       0       0       0       0       0       0       0       0       0       0       0
      Totals:        20       0       0       0       0       0       0       0       0       0       0       0       0       0       0       0       0
Total ram usage:       20 bytes
 Hardware stack levels used:    1
 This function calls:
		Nothing
 This function is called by:
		_Timer3_isr
 This function uses a non-reentrant model



MODULE INFORMATION

Module		Function		Class		Link	Load	Size
/opt/microchip/xc8/v1.45/sources/common/flge.c
		___flge        		CODE           	2B0C	0000	291

/opt/microchip/xc8/v1.45/sources/common/flge.c estimated size: 291

/opt/microchip/xc8/v1.45/sources/common/flneg.c
		___flneg       		CODE           	35A2	0000	49

/opt/microchip/xc8/v1.45/sources/common/flneg.c estimated size: 49

/opt/microchip/xc8/v1.45/sources/common/sprcmul.c
		___flmul       		CODE           	110A	0000	851

/opt/microchip/xc8/v1.45/sources/common/sprcmul.c estimated size: 851

/opt/microchip/xc8/v1.45/sources/common/fldivl.c
		__div_to_l_    		CODE           	29E2	0000	299

/opt/microchip/xc8/v1.45/sources/common/fldivl.c estimated size: 299

my_pwm.c
		_set_pwm1_percent		CODE           	2FEA	0000	193
		_init_pwm1     		CODE           	3758	0000	17
		_set_pwm1_raw  		CODE           	35D2	0000	49

my_pwm.c estimated size: 259

/opt/microchip/xc8/v1.45/sources/common/sprcdiv.c
		___fldiv       		CODE           	20BA	0000	695

/opt/microchip/xc8/v1.45/sources/common/sprcdiv.c estimated size: 695

/opt/microchip/xc8/v1.45/sources/common/xxtofl.c
		___xxtofl      		CODE           	24D0	0000	341

/opt/microchip/xc8/v1.45/sources/common/xxtofl.c estimated size: 341

my_adc.c
		_init_adc_no_lib		CODE           	3768	0000	13
		_read_adc_raw_no_lib		CODE           	34F2	0000	65
		_read_adc_voltage		CODE           	2370	0000	353

my_adc.c estimated size: 431

/opt/microchip/xc8/v1.45/sources/common/awmod.c
		___awmod       		CODE           	31B4	0000	115

/opt/microchip/xc8/v1.45/sources/common/awmod.c estimated size: 115

/opt/microchip/xc8/v1.45/sources/common/llmod.c
		___llmod       		CODE           	3294	0000	105

/opt/microchip/xc8/v1.45/sources/common/llmod.c estimated size: 105

/opt/microchip/xc8/v1.45/sources/common/isdigit.c
		_isdigit       		CODE           	3724	0000	35

/opt/microchip/xc8/v1.45/sources/common/isdigit.c estimated size: 35

/opt/microchip/xc8/v1.45/sources/common/sprcadd.c
		___flsub       		CODE           	3462	0000	73
		___fladd       		CODE           	145C	0000	831

/opt/microchip/xc8/v1.45/sources/common/sprcadd.c estimated size: 904

shared
		__powers_      		MEDIUMCONST    	FEF7	0000	53
		_dpowers       		MEDIUMCONST    	FF5F	0000	41
		i2___flneg     		CODE           	3602	0000	47
		i2___fladd     		CODE           	179A	0000	829
		__npowers_     		MEDIUMCONST    	FF2B	0000	53
		__initialization		CODE           	3414	0000	69
		i2___flge      		CODE           	2C2E	0000	289
		i2___xxtofl    		CODE           	2624	0000	337

shared estimated size: 1718

/opt/microchip/xc8/v1.45/sources/common/awdiv.c
		___awdiv       		CODE           	30AA	0000	135

/opt/microchip/xc8/v1.45/sources/common/awdiv.c estimated size: 135

/opt/microchip/xc8/v1.45/sources/common/doprnt.c
		_scale         		CODE           	0C66	0000	1189
		_sprintf       		CODE           	0012	0000	3157
		_fround        		CODE           	1DF4	0000	711

/opt/microchip/xc8/v1.45/sources/common/doprnt.c estimated size: 5057

/opt/microchip/xc8/v1.45/sources/common/fltol.c
		___fltol       		CODE           	2E42	0000	223

/opt/microchip/xc8/v1.45/sources/common/fltol.c estimated size: 223

pwm_asl.c
		_Timer3_isr    		CODE           	2F20	0000	203
		_turnOFFHeater 		CODE           	3786	0000	5
		_turnOFFCooler 		CODE           	3746	0000	19
		_turnONHeater  		CODE           	377E	0000	5
		_main          		CODE           	1AD6	0000	799
		_highIsr       		CODE           	0008	0000	251
		_updateLCD     		CODE           	2774	0000	315
		_initTimers01  		CODE           	3630	0000	45
		_setupPorts    		CODE           	365C	0000	43
		_setupPorts3   		CODE           	3532	0000	61
		_turnONCooler  		CODE           	3782	0000	5
		_enableInterrupts		CODE           	3774	0000	7
		_getMode       		CODE           	335E	0000	99

pwm_asl.c estimated size: 1857

lcd_x8.c
		_lcd_putc      		CODE           	32FC	0000	99
		_lcd_puts      		CODE           	36D8	0000	39
		_lcd_send_byte 		CODE           	33C0	0000	85
		_lcd_gotoxy    		CODE           	34AA	0000	73
		_lcd_send_nibble		CODE           	36FE	0000	39
		_delay_ms      		CODE           	3686	0000	43
		_lcd_init      		CODE           	3226	0000	111
		_delay_cycles  		CODE           	356E	0000	53

lcd_x8.c estimated size: 542

/opt/microchip/xc8/v1.45/sources/common/ftdivl.c
		__tdiv_to_l_   		CODE           	28AE	0000	309

/opt/microchip/xc8/v1.45/sources/common/ftdivl.c estimated size: 309

/opt/microchip/xc8/v1.45/sources/common/lldiv.c
		___lldiv       		CODE           	3130	0000	133

/opt/microchip/xc8/v1.45/sources/common/lldiv.c estimated size: 133

/opt/microchip/xc8/v1.45/sources/common/Umul16.c
		___wmul        		CODE           	36B0	0000	41

/opt/microchip/xc8/v1.45/sources/common/Umul16.c estimated size: 41

